Archive member included because of file (symbol)

/usr/lib/gcc/avr/4.5.3/avr35/libgcc.a(_mulhi3.o)
                              ../LUFA-130901/LUFA/Drivers/USB/Class/Common/HIDParser.o (__mulhi3)
/usr/lib/gcc/avr/4.5.3/avr35/libgcc.a(_exit.o)
                              /usr/lib/gcc/avr/4.5.3/../../../avr/lib/avr35/crtusb162.o (exit)
/usr/lib/gcc/avr/4.5.3/avr35/libgcc.a(_copy_data.o)
                              CommsAdapter.o (__do_copy_data)
/usr/lib/gcc/avr/4.5.3/avr35/libgcc.a(_clear_bss.o)
                              CommsAdapter.o (__do_clear_bss)
/usr/lib/gcc/avr/4.5.3/../../../avr/lib/avr35/libc.a(memcpy_P.o)
                              ../LUFA-130901/LUFA/Drivers/USB/Class/Device/RNDISClassDevice.o (memcpy_P)
/usr/lib/gcc/avr/4.5.3/../../../avr/lib/avr35/libc.a(memcmp.o)
                              ../LUFA-130901/LUFA/Drivers/USB/Class/Device/HIDClassDevice.o (memcmp)
/usr/lib/gcc/avr/4.5.3/../../../avr/lib/avr35/libc.a(memcpy.o)
                              ../LUFA-130901/LUFA/Drivers/USB/Class/Device/HIDClassDevice.o (memcpy)
/usr/lib/gcc/avr/4.5.3/../../../avr/lib/avr35/libc.a(memset.o)
                              ../LUFA-130901/LUFA/Drivers/USB/Class/Device/HIDClassDevice.o (memset)
/usr/lib/gcc/avr/4.5.3/../../../avr/lib/avr35/libc.a(eerd_byte_at90usb162.o)
                              ../LUFA-130901/LUFA/Drivers/USB/Core/AVR8/EndpointStream_AVR8.o (__eerd_byte_usb162)
/usr/lib/gcc/avr/4.5.3/../../../avr/lib/avr35/libc.a(eeupd_byte_at90usb162.o)
                              ../LUFA-130901/LUFA/Drivers/USB/Core/AVR8/EndpointStream_AVR8.o (__eeupd_byte_usb162)

Allocating common symbols
Common symbol       size              file

USB_IsInitialized   0x1               ../LUFA-130901/LUFA/Drivers/USB/Core/USBTask.o
USB_DeviceState     0x1               ../LUFA-130901/LUFA/Drivers/USB/Core/USBTask.o
USB_Device_ConfigurationNumber
                    0x1               ../LUFA-130901/LUFA/Drivers/USB/Core/DeviceStandardReq.o
USB_Device_CurrentlySelfPowered
                    0x1               ../LUFA-130901/LUFA/Drivers/USB/Core/DeviceStandardReq.o
USB_ControlRequest  0x8               ../LUFA-130901/LUFA/Drivers/USB/Core/USBTask.o
USB_Device_RemoteWakeupEnabled
                    0x1               ../LUFA-130901/LUFA/Drivers/USB/Core/DeviceStandardReq.o

Discarded input sections

 .data          0x00000000        0x0 /usr/lib/gcc/avr/4.5.3/../../../avr/lib/avr35/crtusb162.o
 .bss           0x00000000        0x0 /usr/lib/gcc/avr/4.5.3/../../../avr/lib/avr35/crtusb162.o
 .text          0x00000000        0x0 CommsAdapter.o
 .text          0x00000000        0x0 Descriptors.o
 .data          0x00000000        0x0 Descriptors.o
 .bss           0x00000000        0x0 Descriptors.o
 .text          0x00000000        0x0 ../LUFA-130901/LUFA/Drivers/USB/Class/Common/HIDParser.o
 .data          0x00000000        0x0 ../LUFA-130901/LUFA/Drivers/USB/Class/Common/HIDParser.o
 .bss           0x00000000        0x0 ../LUFA-130901/LUFA/Drivers/USB/Class/Common/HIDParser.o
 .text.USB_ProcessHIDReport
                0x00000000      0x83a ../LUFA-130901/LUFA/Drivers/USB/Class/Common/HIDParser.o
 .text.USB_GetHIDReportItemInfo
                0x00000000       0xbc ../LUFA-130901/LUFA/Drivers/USB/Class/Common/HIDParser.o
 .text.USB_SetHIDReportItemInfo
                0x00000000       0xc8 ../LUFA-130901/LUFA/Drivers/USB/Class/Common/HIDParser.o
 .text.USB_GetHIDReportSize
                0x00000000       0x58 ../LUFA-130901/LUFA/Drivers/USB/Class/Common/HIDParser.o
 .text          0x00000000        0x0 ../LUFA-130901/LUFA/Drivers/USB/Core/AVR8/Device_AVR8.o
 .data          0x00000000        0x0 ../LUFA-130901/LUFA/Drivers/USB/Core/AVR8/Device_AVR8.o
 .bss           0x00000000        0x0 ../LUFA-130901/LUFA/Drivers/USB/Core/AVR8/Device_AVR8.o
 .text.USB_Device_SendRemoteWakeup
                0x00000000       0x2c ../LUFA-130901/LUFA/Drivers/USB/Core/AVR8/Device_AVR8.o
 .text          0x00000000        0x0 ../LUFA-130901/LUFA/Drivers/USB/Core/AVR8/EndpointStream_AVR8.o
 .data          0x00000000        0x0 ../LUFA-130901/LUFA/Drivers/USB/Core/AVR8/EndpointStream_AVR8.o
 .bss           0x00000000        0x0 ../LUFA-130901/LUFA/Drivers/USB/Core/AVR8/EndpointStream_AVR8.o
 .text.Endpoint_Discard_Stream
                0x00000000       0x8e ../LUFA-130901/LUFA/Drivers/USB/Core/AVR8/EndpointStream_AVR8.o
 .text.Endpoint_Null_Stream
                0x00000000       0x8e ../LUFA-130901/LUFA/Drivers/USB/Core/AVR8/EndpointStream_AVR8.o
 .text.Endpoint_Write_Stream_LE
                0x00000000       0xbe ../LUFA-130901/LUFA/Drivers/USB/Core/AVR8/EndpointStream_AVR8.o
 .text.Endpoint_Write_Stream_BE
                0x00000000       0xae ../LUFA-130901/LUFA/Drivers/USB/Core/AVR8/EndpointStream_AVR8.o
 .text.Endpoint_Read_Stream_LE
                0x00000000       0xbe ../LUFA-130901/LUFA/Drivers/USB/Core/AVR8/EndpointStream_AVR8.o
 .text.Endpoint_Read_Stream_BE
[...]
Memory Configuration

Name             Origin             Length             Attributes
text             0x00000000         0x00010000         xr
data             0x00800060         0x0000ffa0         rw !x
eeprom           0x00810000         0x00010000         rw !x
fuse             0x00820000         0x00000400         rw !x
lock             0x00830000         0x00000400         rw !x
signature        0x00840000         0x00000400         rw !x
*default*        0x00000000         0xffffffff

Linker script and memory map

Address of section .data set to 0x800100
LOAD /usr/lib/gcc/avr/4.5.3/../../../avr/lib/avr35/crtusb162.o
LOAD CommsAdapter.o
LOAD Descriptors.o
LOAD ../LUFA-130901/LUFA/Drivers/USB/Class/Common/HIDParser.o
LOAD ../LUFA-130901/LUFA/Drivers/USB/Core/AVR8/Device_AVR8.o
LOAD ../LUFA-130901/LUFA/Drivers/USB/Core/AVR8/EndpointStream_AVR8.o
LOAD ../LUFA-130901/LUFA/Drivers/USB/Core/AVR8/Endpoint_AVR8.o
LOAD ../LUFA-130901/LUFA/Drivers/USB/Core/AVR8/Host_AVR8.o
LOAD ../LUFA-130901/LUFA/Drivers/USB/Core/AVR8/PipeStream_AVR8.o
LOAD ../LUFA-130901/LUFA/Drivers/USB/Core/AVR8/Pipe_AVR8.o
LOAD ../LUFA-130901/LUFA/Drivers/USB/Core/AVR8/USBController_AVR8.o
LOAD ../LUFA-130901/LUFA/Drivers/USB/Core/AVR8/USBInterrupt_AVR8.o
LOAD ../LUFA-130901/LUFA/Drivers/USB/Core/ConfigDescriptors.o
LOAD ../LUFA-130901/LUFA/Drivers/USB/Core/DeviceStandardReq.o
LOAD ../LUFA-130901/LUFA/Drivers/USB/Core/Events.o
LOAD ../LUFA-130901/LUFA/Drivers/USB/Core/HostStandardReq.o
LOAD ../LUFA-130901/LUFA/Drivers/USB/Core/USBTask.o
LOAD ../LUFA-130901/LUFA/Drivers/USB/Class/Device/AudioClassDevice.o
LOAD ../LUFA-130901/LUFA/Drivers/USB/Class/Device/CDCClassDevice.o
LOAD ../LUFA-130901/LUFA/Drivers/USB/Class/Device/HIDClassDevice.o
LOAD ../LUFA-130901/LUFA/Drivers/USB/Class/Device/MassStorageClassDevice.o
LOAD ../LUFA-130901/LUFA/Drivers/USB/Class/Device/MIDIClassDevice.o
LOAD ../LUFA-130901/LUFA/Drivers/USB/Class/Device/PrinterClassDevice.o
LOAD ../LUFA-130901/LUFA/Drivers/USB/Class/Device/RNDISClassDevice.o
LOAD ../LUFA-130901/LUFA/Drivers/USB/Class/Host/AndroidAccessoryClassHost.o
LOAD ../LUFA-130901/LUFA/Drivers/USB/Class/Host/AudioClassHost.o
LOAD ../LUFA-130901/LUFA/Drivers/USB/Class/Host/CDCClassHost.o
LOAD ../LUFA-130901/LUFA/Drivers/USB/Class/Host/HIDClassHost.o
LOAD ../LUFA-130901/LUFA/Drivers/USB/Class/Host/MassStorageClassHost.o
LOAD ../LUFA-130901/LUFA/Drivers/USB/Class/Host/MIDIClassHost.o
LOAD ../LUFA-130901/LUFA/Drivers/USB/Class/Host/PrinterClassHost.o
LOAD ../LUFA-130901/LUFA/Drivers/USB/Class/Host/RNDISClassHost.o
LOAD ../LUFA-130901/LUFA/Drivers/USB/Class/Host/StillImageClassHost.o
LOAD /usr/lib/gcc/avr/4.5.3/../../../avr/lib/avr35/libm.a
LOAD /usr/lib/gcc/avr/4.5.3/avr35/libgcc.a
LOAD /usr/lib/gcc/avr/4.5.3/../../../avr/lib/avr35/libc.a
LOAD /usr/lib/gcc/avr/4.5.3/avr35/libgcc.a

.hash
 *(.hash)

.dynsym
 *(.dynsym)

.dynstr
 *(.dynstr)

.gnu.version
 *(.gnu.version)

.gnu.version_d
 *(.gnu.version_d)

.gnu.version_r
 *(.gnu.version_r)

.rel.init
 *(.rel.init)

.rela.init
 *(.rela.init)

.rel.text
 *(.rel.text)
 *(.rel.text.*)
 *(.rel.gnu.linkonce.t*)

.rela.text
 *(.rela.text)
 *(.rela.text.*)
 *(.rela.gnu.linkonce.t*)

.rel.fini
 *(.rel.fini)

.rela.fini
 *(.rela.fini)

.rel.rodata
 *(.rel.rodata)
 *(.rel.rodata.*)
 *(.rel.gnu.linkonce.r*)

.rela.rodata
 *(.rela.rodata)
 *(.rela.rodata.*)
 *(.rela.gnu.linkonce.r*)

.rel.data
 *(.rel.data)
 *(.rel.data.*)
 *(.rel.gnu.linkonce.d*)

.rela.data
 *(.rela.data)
 *(.rela.data.*)
 *(.rela.gnu.linkonce.d*)

.rel.ctors
 *(.rel.ctors)

.rela.ctors
 *(.rela.ctors)

.rel.dtors
 *(.rel.dtors)

.rela.dtors
 *(.rela.dtors)

.rel.got
 *(.rel.got)

.rela.got
 *(.rela.got)

.rel.bss
 *(.rel.bss)

.rela.bss
 *(.rela.bss)

.rel.plt
 *(.rel.plt)

.rela.plt
 *(.rela.plt)

.text           0x00000000     0x100e
 *(.vectors)
 .vectors       0x00000000       0x74 /usr/lib/gcc/avr/4.5.3/../../../avr/lib/avr35/crtusb162.o
                0x00000000                __vectors
                0x00000000                __vector_default
 *(.vectors)
 *(.progmem.gcc*)
 *(.progmem*)
 .progmem.data  0x00000074       0x20 CommsAdapter.o
                0x00000074                charMap
 .progmem.data  0x00000094       0x8c Descriptors.o
                0x00000094                DeviceDescriptor
                0x000000a6                ConfigurationDescriptor
                0x000000e4                LanguageString
                0x000000e8                ManufacturerString
                0x00000102                ProductString
                0x00000120                . = ALIGN (0x2)
                0x00000120                __trampolines_start = .
 *(.trampolines)
 .trampolines   0x00000120        0x0 linker stubs
 *(.trampolines*)
                0x00000120                __trampolines_end = .
 *(.jumptables)
 *(.jumptables*)
 *(.lowtext)
 *(.lowtext*)
                0x00000120                __ctors_start = .
 *(.ctors)
                0x00000120                __ctors_end = .
                0x00000120                __dtors_start = .
 *(.dtors)
                0x00000120                __dtors_end = .
 SORT(*)(.ctors)
 SORT(*)(.dtors)
 *(.init0)
 .init0         0x00000120        0x0 /usr/lib/gcc/avr/4.5.3/../../../avr/lib/avr35/crtusb162.o
                0x00000120                __init
 *(.init0)
 *(.init1)
 *(.init1)
 *(.init2)
 .init2         0x00000120        0xc /usr/lib/gcc/avr/4.5.3/../../../avr/lib/avr35/crtusb162.o
 *(.init2)
 *(.init3)
 *(.init3)
 *(.init4)
 .init4         0x0000012c       0x16 /usr/lib/gcc/avr/4.5.3/avr35/libgcc.a(_copy_data.o)
                0x0000012c                __do_copy_data
 .init4         0x00000142       0x10 /usr/lib/gcc/avr/4.5.3/avr35/libgcc.a(_clear_bss.o)
                0x00000142                __do_clear_bss
 *(.init4)
 *(.init5)
 *(.init5)
 *(.init6)
 *(.init6)
 *(.init7)
 *(.init7)
 *(.init8)
 *(.init8)
 *(.init9)
 .init9         0x00000152        0x4 /usr/lib/gcc/avr/4.5.3/../../../avr/lib/avr35/crtusb162.o
 *(.init9)
 *(.text)
 .text          0x00000156        0x2 /usr/lib/gcc/avr/4.5.3/../../../avr/lib/avr35/crtusb162.o
                0x00000156                __vector_22
                0x00000156                __vector_28
                0x00000156                __vector_1
                0x00000156                __vector_24
                0x00000156                __bad_interrupt
                0x00000156                __vector_6
                0x00000156                __vector_3
                0x00000156                __vector_23
                0x00000156                __vector_25
                0x00000156                __vector_13
                0x00000156                __vector_17
                0x00000156                __vector_19
                0x00000156                __vector_7
                0x00000156                __vector_27
                0x00000156                __vector_5
                0x00000156                __vector_4
                0x00000156                __vector_9
                0x00000156                __vector_2
                0x00000156                __vector_21
                0x00000156                __vector_15
                0x00000156                __vector_8
                0x00000156                __vector_26
                0x00000156                __vector_14
                0x00000156                __vector_10
                0x00000156                __vector_16
                0x00000156                __vector_18
                0x00000156                __vector_20
                0x00000158                . = ALIGN (0x2)
 *(.text.*)
 .text.SetupHardware
                0x00000158       0x3e CommsAdapter.o
                0x00000158                SetupHardware
 .text.boardStatus
                0x00000196       0xa8 CommsAdapter.o
                0x00000196                boardStatus
 .text.main     0x0000023e      0x166 CommsAdapter.o
                0x0000023e                main
 .text.EVENT_USB_Device_Connect
                0x000003a4        0x2 CommsAdapter.o
                0x000003a4                EVENT_USB_Device_Connect
 .text.EVENT_USB_Device_Disconnect
                0x000003a6        0x2 CommsAdapter.o
                0x000003a6                EVENT_USB_Device_Disconnect
 .text.EVENT_USB_Device_ConfigurationChanged
                0x000003a8        0x6 CommsAdapter.o
                0x000003a8                EVENT_USB_Device_ConfigurationChanged
 .text.EVENT_USB_Device_ControlRequest
                0x000003ae        0x6 CommsAdapter.o
                0x000003ae                EVENT_USB_Device_ControlRequest
 .text.CALLBACK_USB_GetDescriptor
                0x000003b4       0x5a Descriptors.o
                0x000003b4                CALLBACK_USB_GetDescriptor
 .text.Endpoint_Write_Control_Stream_LE
                0x0000040e       0xb8 ../LUFA-130901/LUFA/Drivers/USB/Core/AVR8/EndpointStream_AVR8.o
                0x0000040e                Endpoint_Write_Control_Stream_LE
 .text.Endpoint_Write_Control_PStream_LE
                0x000004c6       0xba ../LUFA-130901/LUFA/Drivers/USB/Core/AVR8/EndpointStream_AVR8.o
                0x000004c6                Endpoint_Write_Control_PStream_LE
 .text.Endpoint_ConfigureEndpoint_Prv
                0x00000580       0x6e ../LUFA-130901/LUFA/Drivers/USB/Core/AVR8/Endpoint_AVR8.o
                0x00000580                Endpoint_ConfigureEndpoint_Prv
 .text.Endpoint_ConfigureEndpointTable
                0x000005ee       0x88 ../LUFA-130901/LUFA/Drivers/USB/Core/AVR8/Endpoint_AVR8.o
                0x000005ee                Endpoint_ConfigureEndpointTable
 .text.Endpoint_ClearStatusStage
                0x00000676       0x42 ../LUFA-130901/LUFA/Drivers/USB/Core/AVR8/Endpoint_AVR8.o
                0x00000676                Endpoint_ClearStatusStage
 .text.Endpoint_WaitUntilReady
                0x000006b8       0x68 ../LUFA-130901/LUFA/Drivers/USB/Core/AVR8/Endpoint_AVR8.o
                0x000006b8                Endpoint_WaitUntilReady
 .text.USB_ResetInterface
                0x00000720       0x72 ../LUFA-130901/LUFA/Drivers/USB/Core/AVR8/USBController_AVR8.o
                0x00000720                USB_ResetInterface
 .text.USB_Init
                0x00000792       0x12 ../LUFA-130901/LUFA/Drivers/USB/Core/AVR8/USBController_AVR8.o
                0x00000792                USB_Init
 .text.USB_INT_DisableAllInterrupts
                0x000007a4        0x6 ../LUFA-130901/LUFA/Drivers/USB/Core/AVR8/USBInterrupt_AVR8.o
                0x000007a4                USB_INT_DisableAllInterrupts
 .text.USB_INT_ClearAllInterrupts
                0x000007aa        0x6 ../LUFA-130901/LUFA/Drivers/USB/Core/AVR8/USBInterrupt_AVR8.o
                0x000007aa                USB_INT_ClearAllInterrupts
 .text.__vector_11
                0x000007b0      0x152 ../LUFA-130901/LUFA/Drivers/USB/Core/AVR8/USBInterrupt_AVR8.o
                0x000007b0                __vector_11
 .text.__vector_12
                0x00000902       0x76 ../LUFA-130901/LUFA/Drivers/USB/Core/AVR8/USBInterrupt_AVR8.o
                0x00000902                __vector_12
 .text.USB_Device_ProcessControlRequest
                0x00000978      0x2c6 ../LUFA-130901/LUFA/Drivers/USB/Core/DeviceStandardReq.o
                0x00000978                USB_Device_ProcessControlRequest
 .text.USB_Event_Stub
                0x00000c3e        0x2 ../LUFA-130901/LUFA/Drivers/USB/Core/Events.o
                0x00000c3e                EVENT_USB_Device_WakeUp
                0x00000c3e                USB_Event_Stub
                0x00000c3e                EVENT_USB_Device_Suspend
                0x00000c3e                EVENT_USB_Device_StartOfFrame
                0x00000c3e                EVENT_USB_Device_Reset
 .text.USB_USBTask
                0x00000c40       0x38 ../LUFA-130901/LUFA/Drivers/USB/Core/USBTask.o
                0x00000c40                USB_USBTask
 .text.CDC_Device_ProcessControlRequest
                0x00000c78      0x15a ../LUFA-130901/LUFA/Drivers/USB/Class/Device/CDCClassDevice.o
                0x00000c78                CDC_Device_ProcessControlRequest
 .text.CDC_Device_ConfigureEndpoints
                0x00000dd2       0x48 ../LUFA-130901/LUFA/Drivers/USB/Class/Device/CDCClassDevice.o
                0x00000dd2                CDC_Device_ConfigureEndpoints
 .text.CDC_Device_SendByte
                0x00000e1a       0x5c ../LUFA-130901/LUFA/Drivers/USB/Class/Device/CDCClassDevice.o
                0x00000e1a                CDC_Device_SendByte
 .text.CDC_Device_putchar
                0x00000e76       0x1e ../LUFA-130901/LUFA/Drivers/USB/Class/Device/CDCClassDevice.o
 .text.CDC_Device_Flush
                0x00000e94       0x5c ../LUFA-130901/LUFA/Drivers/USB/Class/Device/CDCClassDevice.o
                0x00000e94                CDC_Device_Flush
 .text.CDC_Device_USBTask
                0x00000ef0       0x30 ../LUFA-130901/LUFA/Drivers/USB/Class/Device/CDCClassDevice.o
                0x00000ef0                CDC_Device_USBTask
 .text.CDC_Device_BytesReceived
                0x00000f20       0x50 ../LUFA-130901/LUFA/Drivers/USB/Class/Device/CDCClassDevice.o
                0x00000f20                CDC_Device_BytesReceived
 .text.CDC_Device_ReceiveByte
                0x00000f70       0x5c ../LUFA-130901/LUFA/Drivers/USB/Class/Device/CDCClassDevice.o
                0x00000f70                CDC_Device_ReceiveByte
 .text.CDC_Device_getchar
                0x00000fcc       0x16 ../LUFA-130901/LUFA/Drivers/USB/Class/Device/CDCClassDevice.o
 .text.CDC_Device_CreateStream
                0x00000fe2       0x26 ../LUFA-130901/LUFA/Drivers/USB/Class/Device/CDCClassDevice.o
                0x00000fe2                CDC_Device_CreateStream
 .text.CDC_Device_Event_Stub
                0x00001008        0x2 ../LUFA-130901/LUFA/Drivers/USB/Class/Device/CDCClassDevice.o
                0x00001008                EVENT_CDC_Device_LineEncodingChanged
                0x00001008                EVENT_CDC_Device_ControLineStateChanged
                0x00001008                EVENT_CDC_Device_BreakSent
                0x00001008                CDC_Device_Event_Stub
                0x0000100a                . = ALIGN (0x2)
 *(.fini9)
 .fini9         0x0000100a        0x0 /usr/lib/gcc/avr/4.5.3/avr35/libgcc.a(_exit.o)
                0x0000100a                exit
                0x0000100a                _exit
 *(.fini9)
 *(.fini8)
 *(.fini8)
 *(.fini7)
 *(.fini7)
 *(.fini6)
 *(.fini6)
 *(.fini5)
 *(.fini5)
 *(.fini4)
 *(.fini4)
 *(.fini3)
 *(.fini3)
 *(.fini2)
 *(.fini2)
 *(.fini1)
 *(.fini1)
 *(.fini0)
 .fini0         0x0000100a        0x4 /usr/lib/gcc/avr/4.5.3/avr35/libgcc.a(_exit.o)
 *(.fini0)
                0x0000100e                _etext = .

.data           0x00800100       0x1c load address 0x0000100e
                0x00800100                PROVIDE (__data_start, .)
 *(.data)
 .data          0x00800100       0x1b CommsAdapter.o
                0x00800100                VirtualSerial_CDC_Interface
 *(.data*)
 *(.rodata)
 *(.rodata*)
 *(.gnu.linkonce.d*)
                0x0080011c                . = ALIGN (0x2)
 *fill*         0x0080011b        0x1 00
                0x0080011c                _edata = .
                0x0080011c                PROVIDE (__data_end, .)

.bss            0x0080011c       0x1b
                0x0080011c                PROVIDE (__bss_start, .)
 *(.bss)
 .bss           0x0080011c        0xe CommsAdapter.o
 *(.bss*)
 *(COMMON)
 COMMON         0x0080012a        0x3 ../LUFA-130901/LUFA/Drivers/USB/Core/DeviceStandardReq.o
                0x0080012a                USB_Device_ConfigurationNumber
                0x0080012b                USB_Device_CurrentlySelfPowered
                0x0080012c                USB_Device_RemoteWakeupEnabled
 COMMON         0x0080012d        0xa ../LUFA-130901/LUFA/Drivers/USB/Core/USBTask.o
                0x0080012d                USB_IsInitialized
                0x0080012e                USB_DeviceState
                0x0080012f                USB_ControlRequest
                0x00800137                PROVIDE (__bss_end, .)
                0x0000100e                __data_load_start = LOADADDR (.data)
                0x0000102a                __data_load_end = (__data_load_start + SIZEOF (.data))

.noinit         0x00800137        0x0
                0x00800137                PROVIDE (__noinit_start, .)
 *(.noinit*)
                0x00800137                PROVIDE (__noinit_end, .)
                0x00800137                _end = .
                0x00800137                PROVIDE (__heap_start, .)

.eeprom         0x00810000        0x0
 *(.eeprom*)
                0x00810000                __eeprom_end = .

.fuse
 *(.fuse)
 *(.lfuse)
 *(.hfuse)
 *(.efuse)

.lock
 *(.lock*)

.signature
 *(.signature*)

.stab           0x00000000      0xa98
 *(.stab)
 .stab          0x00000000      0x6cc /usr/lib/gcc/avr/4.5.3/../../../avr/lib/avr35/crtusb162.o
 .stab          0x000006cc       0x84 /usr/lib/gcc/avr/4.5.3/../../../avr/lib/avr35/libc.a(memcpy_P.o)
                                 0x90 (size before relaxing)
 .stab          0x00000750       0xb4 /usr/lib/gcc/avr/4.5.3/../../../avr/lib/avr35/libc.a(memcmp.o)
                                 0xc0 (size before relaxing)
 .stab          0x00000804       0x84 /usr/lib/gcc/avr/4.5.3/../../../avr/lib/avr35/libc.a(memcpy.o)
                                 0x90 (size before relaxing)
 .stab          0x00000888       0x6c /usr/lib/gcc/avr/4.5.3/../../../avr/lib/avr35/libc.a(memset.o)
                                 0x78 (size before relaxing)
 .stab          0x000008f4       0x90 /usr/lib/gcc/avr/4.5.3/../../../avr/lib/avr35/libc.a(eerd_byte_at90usb162.o)
                                 0x9c (size before relaxing)
 .stab          0x00000984      0x114 /usr/lib/gcc/avr/4.5.3/../../../avr/lib/avr35/libc.a(eeupd_byte_at90usb162.o)
                                0x120 (size before relaxing)

.stabstr        0x00000000      0x16f
 *(.stabstr)
 .stabstr       0x00000000      0x16f /usr/lib/gcc/avr/4.5.3/../../../avr/lib/avr35/crtusb162.o

.stab.excl
 *(.stab.excl)

.stab.exclstr
 *(.stab.exclstr)

.stab.index
 *(.stab.index)

.stab.indexstr
 *(.stab.indexstr)

.comment
 *(.comment)

.debug
 *(.debug)

.line
 *(.line)

.debug_srcinfo
 *(.debug_srcinfo)

.debug_sfnames
 *(.debug_sfnames)

.debug_aranges  0x00000000      0x510
 *(.debug_aranges)
 .debug_aranges
                0x00000000       0x50 CommsAdapter.o
 .debug_aranges
                0x00000050       0x20 Descriptors.o
 .debug_aranges
                0x00000070       0x38 ../LUFA-130901/LUFA/Drivers/USB/Class/Common/HIDParser.o
 .debug_aranges
                0x000000a8       0x20 ../LUFA-130901/LUFA/Drivers/USB/Core/AVR8/Device_AVR8.o
 .debug_aranges
                0x000000c8       0xc8 ../LUFA-130901/LUFA/Drivers/USB/Core/AVR8/EndpointStream_AVR8.o
 .debug_aranges
                0x00000190       0x40 ../LUFA-130901/LUFA/Drivers/USB/Core/AVR8/Endpoint_AVR8.o
 .debug_aranges
                0x000001d0       0x30 ../LUFA-130901/LUFA/Drivers/USB/Core/AVR8/USBController_AVR8.o
 .debug_aranges
                0x00000200       0x38 ../LUFA-130901/LUFA/Drivers/USB/Core/AVR8/USBInterrupt_AVR8.o
 .debug_aranges
                0x00000238       0x38 ../LUFA-130901/LUFA/Drivers/USB/Core/ConfigDescriptors.o
 .debug_aranges
                0x00000270       0x20 ../LUFA-130901/LUFA/Drivers/USB/Core/DeviceStandardReq.o
 .debug_aranges
                0x00000290       0x20 ../LUFA-130901/LUFA/Drivers/USB/Core/Events.o
 .debug_aranges
                0x000002b0       0x20 ../LUFA-130901/LUFA/Drivers/USB/Core/USBTask.o
 .debug_aranges
                0x000002d0       0x30 ../LUFA-130901/LUFA/Drivers/USB/Class/Device/AudioClassDevice.o
 .debug_aranges
                0x00000300       0x98 ../LUFA-130901/LUFA/Drivers/USB/Class/Device/CDCClassDevice.o
 .debug_aranges
                0x00000398       0x30 ../LUFA-130901/LUFA/Drivers/USB/Class/Device/HIDClassDevice.o
 .debug_aranges
                0x000003c8       0x30 ../LUFA-130901/LUFA/Drivers/USB/Class/Device/MassStorageClassDevice.o
 .debug_aranges
                0x000003f8       0x40 ../LUFA-130901/LUFA/Drivers/USB/Class/Device/MIDIClassDevice.o
 .debug_aranges
                0x00000438       0x90 ../LUFA-130901/LUFA/Drivers/USB/Class/Device/PrinterClassDevice.o
 .debug_aranges
                0x000004c8       0x48 ../LUFA-130901/LUFA/Drivers/USB/Class/Device/RNDISClassDevice.o

.debug_pubnames
                0x00000000      0xe10
 *(.debug_pubnames)
 .debug_pubnames
                0x00000000       0xf4 CommsAdapter.o
 .debug_pubnames
                0x000000f4       0x9e Descriptors.o
 .debug_pubnames
                0x00000192       0x7e ../LUFA-130901/LUFA/Drivers/USB/Class/Common/HIDParser.o
 .debug_pubnames
                0x00000210       0x32 ../LUFA-130901/LUFA/Drivers/USB/Core/AVR8/Device_AVR8.o
 .debug_pubnames
                0x00000242      0x2df ../LUFA-130901/LUFA/Drivers/USB/Core/AVR8/EndpointStream_AVR8.o
 .debug_pubnames
                0x00000521       0xaf ../LUFA-130901/LUFA/Drivers/USB/Core/AVR8/Endpoint_AVR8.o
 .debug_pubnames
                0x000005d0       0x46 ../LUFA-130901/LUFA/Drivers/USB/Core/AVR8/USBController_AVR8.o
 .debug_pubnames
                0x00000616       0x72 ../LUFA-130901/LUFA/Drivers/USB/Core/AVR8/USBInterrupt_AVR8.o
 .debug_pubnames
                0x00000688       0x9b ../LUFA-130901/LUFA/Drivers/USB/Core/ConfigDescriptors.o
 .debug_pubnames
                0x00000723       0xa1 ../LUFA-130901/LUFA/Drivers/USB/Core/DeviceStandardReq.o
 .debug_pubnames
                0x000007c4       0x25 ../LUFA-130901/LUFA/Drivers/USB/Core/Events.o
 .debug_pubnames
                0x000007e9       0x63 ../LUFA-130901/LUFA/Drivers/USB/Core/USBTask.o
 .debug_pubnames
                0x0000084c       0x79 ../LUFA-130901/LUFA/Drivers/USB/Class/Device/AudioClassDevice.o
 .debug_pubnames
                0x000008c5      0x18b ../LUFA-130901/LUFA/Drivers/USB/Class/Device/CDCClassDevice.o
 .debug_pubnames
                0x00000a50       0x70 ../LUFA-130901/LUFA/Drivers/USB/Class/Device/HIDClassDevice.o
 .debug_pubnames
                0x00000ac0       0x6d ../LUFA-130901/LUFA/Drivers/USB/Class/Device/MassStorageClassDevice.o
 .debug_pubnames
                0x00000b2d       0xa6 ../LUFA-130901/LUFA/Drivers/USB/Class/Device/MIDIClassDevice.o
 .debug_pubnames
                0x00000bd3      0x16d ../LUFA-130901/LUFA/Drivers/USB/Class/Device/PrinterClassDevice.o
 .debug_pubnames
                0x00000d40       0xd0 ../LUFA-130901/LUFA/Drivers/USB/Class/Device/RNDISClassDevice.o

.debug_info     0x00000000     0x916e
 *(.debug_info)
 .debug_info    0x00000000      0x6bf CommsAdapter.o
 .debug_info    0x000006bf      0x7bb Descriptors.o
 .debug_info    0x00000e7a      0x6fb ../LUFA-130901/LUFA/Drivers/USB/Class/Common/HIDParser.o
 .debug_info    0x00001575       0xd8 ../LUFA-130901/LUFA/Drivers/USB/Core/AVR8/Device_AVR8.o
 .debug_info    0x0000164d     0x156b ../LUFA-130901/LUFA/Drivers/USB/Core/AVR8/EndpointStream_AVR8.o
 .debug_info    0x00002bb8      0x622 ../LUFA-130901/LUFA/Drivers/USB/Core/AVR8/Endpoint_AVR8.o
 .debug_info    0x000031da       0x6c ../LUFA-130901/LUFA/Drivers/USB/Core/AVR8/Host_AVR8.o
 .debug_info    0x00003246       0x6c ../LUFA-130901/LUFA/Drivers/USB/Core/AVR8/PipeStream_AVR8.o
 .debug_info    0x000032b2       0x6c ../LUFA-130901/LUFA/Drivers/USB/Core/AVR8/Pipe_AVR8.o
 .debug_info    0x0000331e      0x430 ../LUFA-130901/LUFA/Drivers/USB/Core/AVR8/USBController_AVR8.o
 .debug_info    0x0000374e      0x681 ../LUFA-130901/LUFA/Drivers/USB/Core/AVR8/USBInterrupt_AVR8.o
 .debug_info    0x00003dcf      0x38c ../LUFA-130901/LUFA/Drivers/USB/Core/ConfigDescriptors.o
 .debug_info    0x0000415b      0x992 ../LUFA-130901/LUFA/Drivers/USB/Core/DeviceStandardReq.o
 .debug_info    0x00004aed       0x85 ../LUFA-130901/LUFA/Drivers/USB/Core/Events.o
 .debug_info    0x00004b72       0x6c ../LUFA-130901/LUFA/Drivers/USB/Core/HostStandardReq.o
 .debug_info    0x00004bde      0x269 ../LUFA-130901/LUFA/Drivers/USB/Core/USBTask.o
 .debug_info    0x00004e47      0x58b ../LUFA-130901/LUFA/Drivers/USB/Class/Device/AudioClassDevice.o
 .debug_info    0x000053d2      0xc5a ../LUFA-130901/LUFA/Drivers/USB/Class/Device/CDCClassDevice.o
 .debug_info    0x0000602c      0x699 ../LUFA-130901/LUFA/Drivers/USB/Class/Device/HIDClassDevice.o
 .debug_info    0x000066c5      0x7e9 ../LUFA-130901/LUFA/Drivers/USB/Class/Device/MassStorageClassDevice.o
 .debug_info    0x00006eae      0x4e0 ../LUFA-130901/LUFA/Drivers/USB/Class/Device/MIDIClassDevice.o
 .debug_info    0x0000738e      0xb39 ../LUFA-130901/LUFA/Drivers/USB/Class/Device/PrinterClassDevice.o
 .debug_info    0x00007ec7      0xedb ../LUFA-130901/LUFA/Drivers/USB/Class/Device/RNDISClassDevice.o
 .debug_info    0x00008da2       0x6c ../LUFA-130901/LUFA/Drivers/USB/Class/Host/AndroidAccessoryClassHost.o
 .debug_info    0x00008e0e       0x6c ../LUFA-130901/LUFA/Drivers/USB/Class/Host/AudioClassHost.o
 .debug_info    0x00008e7a       0x6c ../LUFA-130901/LUFA/Drivers/USB/Class/Host/CDCClassHost.o
 .debug_info    0x00008ee6       0x6c ../LUFA-130901/LUFA/Drivers/USB/Class/Host/HIDClassHost.o
 .debug_info    0x00008f52       0x6c ../LUFA-130901/LUFA/Drivers/USB/Class/Host/MassStorageClassHost.o
 .debug_info    0x00008fbe       0x6c ../LUFA-130901/LUFA/Drivers/USB/Class/Host/MIDIClassHost.o
 .debug_info    0x0000902a       0x6c ../LUFA-130901/LUFA/Drivers/USB/Class/Host/PrinterClassHost.o
 .debug_info    0x00009096       0x6c ../LUFA-130901/LUFA/Drivers/USB/Class/Host/RNDISClassHost.o
 .debug_info    0x00009102       0x6c ../LUFA-130901/LUFA/Drivers/USB/Class/Host/StillImageClassHost.o
 *(.gnu.linkonce.wi.*)

.debug_abbrev   0x00000000     0x22c5
 *(.debug_abbrev)
 .debug_abbrev  0x00000000      0x288 CommsAdapter.o
 .debug_abbrev  0x00000288      0x15a Descriptors.o
 .debug_abbrev  0x000003e2      0x1f9 ../LUFA-130901/LUFA/Drivers/USB/Class/Common/HIDParser.o
 .debug_abbrev  0x000005db       0x7d ../LUFA-130901/LUFA/Drivers/USB/Core/AVR8/Device_AVR8.o
 .debug_abbrev  0x00000658      0x192 ../LUFA-130901/LUFA/Drivers/USB/Core/AVR8/EndpointStream_AVR8.o
 .debug_abbrev  0x000007ea      0x1f5 ../LUFA-130901/LUFA/Drivers/USB/Core/AVR8/Endpoint_AVR8.o
 .debug_abbrev  0x000009df       0x2a ../LUFA-130901/LUFA/Drivers/USB/Core/AVR8/Host_AVR8.o
 .debug_abbrev  0x00000a09       0x2a ../LUFA-130901/LUFA/Drivers/USB/Core/AVR8/PipeStream_AVR8.o
 .debug_abbrev  0x00000a33       0x2a ../LUFA-130901/LUFA/Drivers/USB/Core/AVR8/Pipe_AVR8.o
 .debug_abbrev  0x00000a5d      0x13e ../LUFA-130901/LUFA/Drivers/USB/Core/AVR8/USBController_AVR8.o
 .debug_abbrev  0x00000b9b      0x1e9 ../LUFA-130901/LUFA/Drivers/USB/Core/AVR8/USBInterrupt_AVR8.o
 .debug_abbrev  0x00000d84      0x148 ../LUFA-130901/LUFA/Drivers/USB/Core/ConfigDescriptors.o
 .debug_abbrev  0x00000ecc      0x212 ../LUFA-130901/LUFA/Drivers/USB/Core/DeviceStandardReq.o
 .debug_abbrev  0x000010de       0x41 ../LUFA-130901/LUFA/Drivers/USB/Core/Events.o
 .debug_abbrev  0x0000111f       0x2a ../LUFA-130901/LUFA/Drivers/USB/Core/HostStandardReq.o
 .debug_abbrev  0x00001149      0x15c ../LUFA-130901/LUFA/Drivers/USB/Core/USBTask.o
 .debug_abbrev  0x000012a5      0x167 ../LUFA-130901/LUFA/Drivers/USB/Class/Device/AudioClassDevice.o
 .debug_abbrev  0x0000140c      0x2f3 ../LUFA-130901/LUFA/Drivers/USB/Class/Device/CDCClassDevice.o
 .debug_abbrev  0x000016ff      0x1bc ../LUFA-130901/LUFA/Drivers/USB/Class/Device/HIDClassDevice.o
 .debug_abbrev  0x000018bb      0x205 ../LUFA-130901/LUFA/Drivers/USB/Class/Device/MassStorageClassDevice.o
 .debug_abbrev  0x00001ac0      0x184 ../LUFA-130901/LUFA/Drivers/USB/Class/Device/MIDIClassDevice.o
 .debug_abbrev  0x00001c44      0x24e ../LUFA-130901/LUFA/Drivers/USB/Class/Device/PrinterClassDevice.o
 .debug_abbrev  0x00001e92      0x2b9 ../LUFA-130901/LUFA/Drivers/USB/Class/Device/RNDISClassDevice.o
 .debug_abbrev  0x0000214b       0x2a ../LUFA-130901/LUFA/Drivers/USB/Class/Host/AndroidAccessoryClassHost.o
 .debug_abbrev  0x00002175       0x2a ../LUFA-130901/LUFA/Drivers/USB/Class/Host/AudioClassHost.o
 .debug_abbrev  0x0000219f       0x2a ../LUFA-130901/LUFA/Drivers/USB/Class/Host/CDCClassHost.o
 .debug_abbrev  0x000021c9       0x2a ../LUFA-130901/LUFA/Drivers/USB/Class/Host/HIDClassHost.o
 .debug_abbrev  0x000021f3       0x2a ../LUFA-130901/LUFA/Drivers/USB/Class/Host/MassStorageClassHost.o
 .debug_abbrev  0x0000221d       0x2a ../LUFA-130901/LUFA/Drivers/USB/Class/Host/MIDIClassHost.o
 .debug_abbrev  0x00002247       0x2a ../LUFA-130901/LUFA/Drivers/USB/Class/Host/PrinterClassHost.o
 .debug_abbrev  0x00002271       0x2a ../LUFA-130901/LUFA/Drivers/USB/Class/Host/RNDISClassHost.o
 .debug_abbrev  0x0000229b       0x2a ../LUFA-130901/LUFA/Drivers/USB/Class/Host/StillImageClassHost.o

.debug_line     0x00000000     0x77f2
 *(.debug_line)
 .debug_line    0x00000000      0x5a8 CommsAdapter.o
 .debug_line    0x000005a8      0x22d Descriptors.o
 .debug_line    0x000007d5      0x76e ../LUFA-130901/LUFA/Drivers/USB/Class/Common/HIDParser.o
 .debug_line    0x00000f43      0x171 ../LUFA-130901/LUFA/Drivers/USB/Core/AVR8/Device_AVR8.o
 .debug_line    0x000010b4     0x1aad ../LUFA-130901/LUFA/Drivers/USB/Core/AVR8/EndpointStream_AVR8.o
 .debug_line    0x00002b61      0x610 ../LUFA-130901/LUFA/Drivers/USB/Core/AVR8/Endpoint_AVR8.o
 .debug_line    0x00003171       0x3e ../LUFA-130901/LUFA/Drivers/USB/Core/AVR8/Host_AVR8.o
 .debug_line    0x000031af       0x3e ../LUFA-130901/LUFA/Drivers/USB/Core/AVR8/PipeStream_AVR8.o
 .debug_line    0x000031ed       0x3e ../LUFA-130901/LUFA/Drivers/USB/Core/AVR8/Pipe_AVR8.o
 .debug_line    0x0000322b      0x372 ../LUFA-130901/LUFA/Drivers/USB/Core/AVR8/USBController_AVR8.o
 .debug_line    0x0000359d      0x5b0 ../LUFA-130901/LUFA/Drivers/USB/Core/AVR8/USBInterrupt_AVR8.o
 .debug_line    0x00003b4d      0x27b ../LUFA-130901/LUFA/Drivers/USB/Core/ConfigDescriptors.o
 .debug_line    0x00003dc8      0x5c6 ../LUFA-130901/LUFA/Drivers/USB/Core/DeviceStandardReq.o
 .debug_line    0x0000438e       0x89 ../LUFA-130901/LUFA/Drivers/USB/Core/Events.o
 .debug_line    0x00004417       0x3e ../LUFA-130901/LUFA/Drivers/USB/Core/HostStandardReq.o
 .debug_line    0x00004455      0x1d6 ../LUFA-130901/LUFA/Drivers/USB/Core/USBTask.o
 .debug_line    0x0000462b      0x524 ../LUFA-130901/LUFA/Drivers/USB/Class/Device/AudioClassDevice.o
 .debug_line    0x00004b4f      0x9ef ../LUFA-130901/LUFA/Drivers/USB/Class/Device/CDCClassDevice.o
 .debug_line    0x0000553e      0x5f0 ../LUFA-130901/LUFA/Drivers/USB/Class/Device/HIDClassDevice.o
 .debug_line    0x00005b2e      0x5f3 ../LUFA-130901/LUFA/Drivers/USB/Class/Device/MassStorageClassDevice.o
 .debug_line    0x00006121      0x430 ../LUFA-130901/LUFA/Drivers/USB/Class/Device/MIDIClassDevice.o
 .debug_line    0x00006551      0x8ae ../LUFA-130901/LUFA/Drivers/USB/Class/Device/PrinterClassDevice.o
 .debug_line    0x00006dff      0x7c5 ../LUFA-130901/LUFA/Drivers/USB/Class/Device/RNDISClassDevice.o
 .debug_line    0x000075c4       0x3e ../LUFA-130901/LUFA/Drivers/USB/Class/Host/AndroidAccessoryClassHost.o
 .debug_line    0x00007602       0x3e ../LUFA-130901/LUFA/Drivers/USB/Class/Host/AudioClassHost.o
 .debug_line    0x00007640       0x3e ../LUFA-130901/LUFA/Drivers/USB/Class/Host/CDCClassHost.o
 .debug_line    0x0000767e       0x3e ../LUFA-130901/LUFA/Drivers/USB/Class/Host/HIDClassHost.o
 .debug_line    0x000076bc       0x3e ../LUFA-130901/LUFA/Drivers/USB/Class/Host/MassStorageClassHost.o
 .debug_line    0x000076fa       0x3e ../LUFA-130901/LUFA/Drivers/USB/Class/Host/MIDIClassHost.o
 .debug_line    0x00007738       0x3e ../LUFA-130901/LUFA/Drivers/USB/Class/Host/PrinterClassHost.o
 .debug_line    0x00007776       0x3e ../LUFA-130901/LUFA/Drivers/USB/Class/Host/RNDISClassHost.o
 .debug_line    0x000077b4       0x3e ../LUFA-130901/LUFA/Drivers/USB/Class/Host/StillImageClassHost.o

.debug_frame    0x00000000      0x7c0
 *(.debug_frame)
 .debug_frame   0x00000000       0x80 CommsAdapter.o
 .debug_frame   0x00000080       0x20 Descriptors.o
 .debug_frame   0x000000a0       0x50 ../LUFA-130901/LUFA/Drivers/USB/Class/Common/HIDParser.o
 .debug_frame   0x000000f0       0x20 ../LUFA-130901/LUFA/Drivers/USB/Core/AVR8/Device_AVR8.o
 .debug_frame   0x00000110      0x170 ../LUFA-130901/LUFA/Drivers/USB/Core/AVR8/EndpointStream_AVR8.o
 .debug_frame   0x00000280       0x60 ../LUFA-130901/LUFA/Drivers/USB/Core/AVR8/Endpoint_AVR8.o
 .debug_frame   0x000002e0       0x40 ../LUFA-130901/LUFA/Drivers/USB/Core/AVR8/USBController_AVR8.o
 .debug_frame   0x00000320       0x50 ../LUFA-130901/LUFA/Drivers/USB/Core/AVR8/USBInterrupt_AVR8.o
 .debug_frame   0x00000370       0x50 ../LUFA-130901/LUFA/Drivers/USB/Core/ConfigDescriptors.o
 .debug_frame   0x000003c0       0x20 ../LUFA-130901/LUFA/Drivers/USB/Core/DeviceStandardReq.o
 .debug_frame   0x000003e0       0x20 ../LUFA-130901/LUFA/Drivers/USB/Core/Events.o
 .debug_frame   0x00000400       0x20 ../LUFA-130901/LUFA/Drivers/USB/Core/USBTask.o
 .debug_frame   0x00000420       0x40 ../LUFA-130901/LUFA/Drivers/USB/Class/Device/AudioClassDevice.o
 .debug_frame   0x00000460      0x110 ../LUFA-130901/LUFA/Drivers/USB/Class/Device/CDCClassDevice.o
 .debug_frame   0x00000570       0x40 ../LUFA-130901/LUFA/Drivers/USB/Class/Device/HIDClassDevice.o
 .debug_frame   0x000005b0       0x40 ../LUFA-130901/LUFA/Drivers/USB/Class/Device/MassStorageClassDevice.o
 .debug_frame   0x000005f0       0x60 ../LUFA-130901/LUFA/Drivers/USB/Class/Device/MIDIClassDevice.o
 .debug_frame   0x00000650      0x100 ../LUFA-130901/LUFA/Drivers/USB/Class/Device/PrinterClassDevice.o
 .debug_frame   0x00000750       0x70 ../LUFA-130901/LUFA/Drivers/USB/Class/Device/RNDISClassDevice.o

.debug_str      0x00000000     0x3c3c
 *(.debug_str)
 .debug_str     0x00000000      0x3cb CommsAdapter.o
                                0x446 (size before relaxing)
 .debug_str     0x000003cb      0x8f8 Descriptors.o
                                0xa3c (size before relaxing)
 .debug_str     0x00000cc3      0x485 ../LUFA-130901/LUFA/Drivers/USB/Class/Common/HIDParser.o
                                0x5c5 (size before relaxing)
 .debug_str     0x00001148       0x80 ../LUFA-130901/LUFA/Drivers/USB/Core/AVR8/Device_AVR8.o
                                0x128 (size before relaxing)
 .debug_str     0x000011c8      0x64a ../LUFA-130901/LUFA/Drivers/USB/Core/AVR8/EndpointStream_AVR8.o
                                0x74e (size before relaxing)
 .debug_str     0x00001812      0x2f7 ../LUFA-130901/LUFA/Drivers/USB/Core/AVR8/Endpoint_AVR8.o
                                0x54a (size before relaxing)
 .debug_str     0x00001b09       0x36 ../LUFA-130901/LUFA/Drivers/USB/Core/AVR8/Host_AVR8.o
                                 0xd0 (size before relaxing)
 .debug_str     0x00001b3f       0x3c ../LUFA-130901/LUFA/Drivers/USB/Core/AVR8/PipeStream_AVR8.o
                                 0xd6 (size before relaxing)
 .debug_str     0x00001b7b       0x36 ../LUFA-130901/LUFA/Drivers/USB/Core/AVR8/Pipe_AVR8.o
                                 0xd0 (size before relaxing)
 .debug_str     0x00001bb1      0x212 ../LUFA-130901/LUFA/Drivers/USB/Core/AVR8/USBController_AVR8.o
                                0x409 (size before relaxing)
 .debug_str     0x00001dc3      0x11c ../LUFA-130901/LUFA/Drivers/USB/Core/AVR8/USBInterrupt_AVR8.o
                                0x40b (size before relaxing)
 .debug_str     0x00001edf      0x230 ../LUFA-130901/LUFA/Drivers/USB/Core/ConfigDescriptors.o
                                0x310 (size before relaxing)
 .debug_str     0x0000210f      0x42b ../LUFA-130901/LUFA/Drivers/USB/Core/DeviceStandardReq.o
                                0x83e (size before relaxing)
 .debug_str     0x0000253a       0x3d ../LUFA-130901/LUFA/Drivers/USB/Core/Events.o
                                 0xd7 (size before relaxing)
 .debug_str     0x00002577       0x37 ../LUFA-130901/LUFA/Drivers/USB/Core/HostStandardReq.o
                                 0xd1 (size before relaxing)
 .debug_str     0x000025ae       0x57 ../LUFA-130901/LUFA/Drivers/USB/Core/USBTask.o
                                0x28e (size before relaxing)
 .debug_str     0x00002605      0x242 ../LUFA-130901/LUFA/Drivers/USB/Class/Device/AudioClassDevice.o
                                0x50e (size before relaxing)
 .debug_str     0x00002847      0x303 ../LUFA-130901/LUFA/Drivers/USB/Class/Device/CDCClassDevice.o
                                0x8c2 (size before relaxing)
 .debug_str     0x00002b4a      0x1f6 ../LUFA-130901/LUFA/Drivers/USB/Class/Device/HIDClassDevice.o
                                0x53d (size before relaxing)
 .debug_str     0x00002d40      0x246 ../LUFA-130901/LUFA/Drivers/USB/Class/Device/MassStorageClassDevice.o
                                0x69e (size before relaxing)
 .debug_str     0x00002f86      0x121 ../LUFA-130901/LUFA/Drivers/USB/Class/Device/MIDIClassDevice.o
                                0x525 (size before relaxing)
 .debug_str     0x000030a7      0x275 ../LUFA-130901/LUFA/Drivers/USB/Class/Device/PrinterClassDevice.o
                                0x7d6 (size before relaxing)
 .debug_str     0x0000331c      0x6f1 ../LUFA-130901/LUFA/Drivers/USB/Class/Device/RNDISClassDevice.o
                                0xbd6 (size before relaxing)
 .debug_str     0x00003a0d       0x47 ../LUFA-130901/LUFA/Drivers/USB/Class/Host/AndroidAccessoryClassHost.o
                                 0xe1 (size before relaxing)
 .debug_str     0x00003a54       0x3c ../LUFA-130901/LUFA/Drivers/USB/Class/Host/AudioClassHost.o
                                 0xd6 (size before relaxing)
 .debug_str     0x00003a90       0x3a ../LUFA-130901/LUFA/Drivers/USB/Class/Host/CDCClassHost.o
                                 0xd4 (size before relaxing)
 .debug_str     0x00003aca       0x3a ../LUFA-130901/LUFA/Drivers/USB/Class/Host/HIDClassHost.o
                                 0xd4 (size before relaxing)
 .debug_str     0x00003b04       0x42 ../LUFA-130901/LUFA/Drivers/USB/Class/Host/MassStorageClassHost.o
                                 0xdc (size before relaxing)
 .debug_str     0x00003b46       0x3b ../LUFA-130901/LUFA/Drivers/USB/Class/Host/MIDIClassHost.o
                                 0xd5 (size before relaxing)
 .debug_str     0x00003b81       0x3e ../LUFA-130901/LUFA/Drivers/USB/Class/Host/PrinterClassHost.o
                                 0xd8 (size before relaxing)
 .debug_str     0x00003bbf       0x3c ../LUFA-130901/LUFA/Drivers/USB/Class/Host/RNDISClassHost.o
                                 0xd6 (size before relaxing)
 .debug_str     0x00003bfb       0x41 ../LUFA-130901/LUFA/Drivers/USB/Class/Host/StillImageClassHost.o
                                 0xdb (size before relaxing)

.debug_loc      0x00000000     0x48b4
 *(.debug_loc)
 .debug_loc     0x00000000      0x2e1 CommsAdapter.o
 .debug_loc     0x000002e1       0xd3 Descriptors.o
 .debug_loc     0x000003b4      0x88f ../LUFA-130901/LUFA/Drivers/USB/Class/Common/HIDParser.o
 .debug_loc     0x00000c43     0x1982 ../LUFA-130901/LUFA/Drivers/USB/Core/AVR8/EndpointStream_AVR8.o
 .debug_loc     0x000025c5      0x390 ../LUFA-130901/LUFA/Drivers/USB/Core/AVR8/Endpoint_AVR8.o
 .debug_loc     0x00002955      0x190 ../LUFA-130901/LUFA/Drivers/USB/Core/AVR8/USBInterrupt_AVR8.o
 .debug_loc     0x00002ae5      0x2bc ../LUFA-130901/LUFA/Drivers/USB/Core/ConfigDescriptors.o
 .debug_loc     0x00002da1      0x22a ../LUFA-130901/LUFA/Drivers/USB/Core/DeviceStandardReq.o
 .debug_loc     0x00002fcb       0x27 ../LUFA-130901/LUFA/Drivers/USB/Core/USBTask.o
 .debug_loc     0x00002ff2      0x16d ../LUFA-130901/LUFA/Drivers/USB/Class/Device/AudioClassDevice.o
 .debug_loc     0x0000315f      0x52b ../LUFA-130901/LUFA/Drivers/USB/Class/Device/CDCClassDevice.o
 .debug_loc     0x0000368a      0x249 ../LUFA-130901/LUFA/Drivers/USB/Class/Device/HIDClassDevice.o
 .debug_loc     0x000038d3      0x152 ../LUFA-130901/LUFA/Drivers/USB/Class/Device/MassStorageClassDevice.o
 .debug_loc     0x00003a25      0x1e6 ../LUFA-130901/LUFA/Drivers/USB/Class/Device/MIDIClassDevice.o
 .debug_loc     0x00003c0b      0x563 ../LUFA-130901/LUFA/Drivers/USB/Class/Device/PrinterClassDevice.o
 .debug_loc     0x0000416e      0x746 ../LUFA-130901/LUFA/Drivers/USB/Class/Device/RNDISClassDevice.o

.debug_macinfo
 *(.debug_macinfo)
OUTPUT(CommsAdapter.elf elf32-avr)
LOAD linker stubs

.debug_pubtypes
                0x00000000     0x119e
 .debug_pubtypes
                0x00000000       0xbd CommsAdapter.o
 .debug_pubtypes
                0x000000bd      0x209 Descriptors.o
 .debug_pubtypes
                0x000002c6      0x145 ../LUFA-130901/LUFA/Drivers/USB/Class/Common/HIDParser.o
 .debug_pubtypes
                0x0000040b       0x1e ../LUFA-130901/LUFA/Drivers/USB/Core/AVR8/Device_AVR8.o
 .debug_pubtypes
                0x00000429       0xab ../LUFA-130901/LUFA/Drivers/USB/Core/AVR8/EndpointStream_AVR8.o
 .debug_pubtypes
                0x000004d4       0x9e ../LUFA-130901/LUFA/Drivers/USB/Core/AVR8/Endpoint_AVR8.o
 .debug_pubtypes
                0x00000572       0x12 ../LUFA-130901/LUFA/Drivers/USB/Core/AVR8/Host_AVR8.o
 .debug_pubtypes
                0x00000584       0x12 ../LUFA-130901/LUFA/Drivers/USB/Core/AVR8/PipeStream_AVR8.o
 .debug_pubtypes
                0x00000596       0x12 ../LUFA-130901/LUFA/Drivers/USB/Core/AVR8/Pipe_AVR8.o
 .debug_pubtypes
                0x000005a8       0x68 ../LUFA-130901/LUFA/Drivers/USB/Core/AVR8/USBController_AVR8.o
 .debug_pubtypes
                0x00000610       0x58 ../LUFA-130901/LUFA/Drivers/USB/Core/AVR8/USBInterrupt_AVR8.o
 .debug_pubtypes
                0x00000668       0xb4 ../LUFA-130901/LUFA/Drivers/USB/Core/ConfigDescriptors.o
 .debug_pubtypes
                0x0000071c       0xd7 ../LUFA-130901/LUFA/Drivers/USB/Core/DeviceStandardReq.o
 .debug_pubtypes
                0x000007f3       0x12 ../LUFA-130901/LUFA/Drivers/USB/Core/Events.o
 .debug_pubtypes
                0x00000805       0x12 ../LUFA-130901/LUFA/Drivers/USB/Core/HostStandardReq.o
 .debug_pubtypes
                0x00000817       0x5c ../LUFA-130901/LUFA/Drivers/USB/Core/USBTask.o
 .debug_pubtypes
                0x00000873       0xb2 ../LUFA-130901/LUFA/Drivers/USB/Class/Device/AudioClassDevice.o
 .debug_pubtypes
                0x00000925      0x151 ../LUFA-130901/LUFA/Drivers/USB/Class/Device/CDCClassDevice.o
 .debug_pubtypes
                0x00000a76       0xc6 ../LUFA-130901/LUFA/Drivers/USB/Class/Device/HIDClassDevice.o
 .debug_pubtypes
                0x00000b3c      0x132 ../LUFA-130901/LUFA/Drivers/USB/Class/Device/MassStorageClassDevice.o
 .debug_pubtypes
                0x00000c6e       0xe0 ../LUFA-130901/LUFA/Drivers/USB/Class/Device/MIDIClassDevice.o
 .debug_pubtypes
                0x00000d4e      0x112 ../LUFA-130901/LUFA/Drivers/USB/Class/Device/PrinterClassDevice.o
 .debug_pubtypes
                0x00000e60      0x29c ../LUFA-130901/LUFA/Drivers/USB/Class/Device/RNDISClassDevice.o
 .debug_pubtypes
                0x000010fc       0x12 ../LUFA-130901/LUFA/Drivers/USB/Class/Host/AndroidAccessoryClassHost.o
 .debug_pubtypes
                0x0000110e       0x12 ../LUFA-130901/LUFA/Drivers/USB/Class/Host/AudioClassHost.o
 .debug_pubtypes
                0x00001120       0x12 ../LUFA-130901/LUFA/Drivers/USB/Class/Host/CDCClassHost.o
 .debug_pubtypes
                0x00001132       0x12 ../LUFA-130901/LUFA/Drivers/USB/Class/Host/HIDClassHost.o
 .debug_pubtypes
                0x00001144       0x12 ../LUFA-130901/LUFA/Drivers/USB/Class/Host/MassStorageClassHost.o
 .debug_pubtypes
                0x00001156       0x12 ../LUFA-130901/LUFA/Drivers/USB/Class/Host/MIDIClassHost.o
 .debug_pubtypes
                0x00001168       0x12 ../LUFA-130901/LUFA/Drivers/USB/Class/Host/PrinterClassHost.o
 .debug_pubtypes
                0x0000117a       0x12 ../LUFA-130901/LUFA/Drivers/USB/Class/Host/RNDISClassHost.o
 .debug_pubtypes
                0x0000118c       0x12 ../LUFA-130901/LUFA/Drivers/USB/Class/Host/StillImageClassHost.o

.debug_ranges   0x00000000      0x758
 .debug_ranges  0x00000000       0x40 CommsAdapter.o
 .debug_ranges  0x00000040       0x10 Descriptors.o
 .debug_ranges  0x00000050      0x100 ../LUFA-130901/LUFA/Drivers/USB/Class/Common/HIDParser.o
 .debug_ranges  0x00000150       0x10 ../LUFA-130901/LUFA/Drivers/USB/Core/AVR8/Device_AVR8.o
 .debug_ranges  0x00000160      0x298 ../LUFA-130901/LUFA/Drivers/USB/Core/AVR8/EndpointStream_AVR8.o
 .debug_ranges  0x000003f8       0xa8 ../LUFA-130901/LUFA/Drivers/USB/Core/AVR8/Endpoint_AVR8.o
 .debug_ranges  0x000004a0       0x20 ../LUFA-130901/LUFA/Drivers/USB/Core/AVR8/USBController_AVR8.o
 .debug_ranges  0x000004c0       0x28 ../LUFA-130901/LUFA/Drivers/USB/Core/AVR8/USBInterrupt_AVR8.o
 .debug_ranges  0x000004e8       0x28 ../LUFA-130901/LUFA/Drivers/USB/Core/ConfigDescriptors.o
 .debug_ranges  0x00000510       0x10 ../LUFA-130901/LUFA/Drivers/USB/Core/DeviceStandardReq.o
 .debug_ranges  0x00000520       0x10 ../LUFA-130901/LUFA/Drivers/USB/Core/Events.o
 .debug_ranges  0x00000530       0x10 ../LUFA-130901/LUFA/Drivers/USB/Core/USBTask.o
 .debug_ranges  0x00000540       0x20 ../LUFA-130901/LUFA/Drivers/USB/Class/Device/AudioClassDevice.o
 .debug_ranges  0x00000560       0x88 ../LUFA-130901/LUFA/Drivers/USB/Class/Device/CDCClassDevice.o
 .debug_ranges  0x000005e8       0x20 ../LUFA-130901/LUFA/Drivers/USB/Class/Device/HIDClassDevice.o
 .debug_ranges  0x00000608       0x20 ../LUFA-130901/LUFA/Drivers/USB/Class/Device/MassStorageClassDevice.o
 .debug_ranges  0x00000628       0x30 ../LUFA-130901/LUFA/Drivers/USB/Class/Device/MIDIClassDevice.o
 .debug_ranges  0x00000658       0x80 ../LUFA-130901/LUFA/Drivers/USB/Class/Device/PrinterClassDevice.o
 .debug_ranges  0x000006d8       0x80 ../LUFA-130901/LUFA/Drivers/USB/Class/Device/RNDISClassDevice.o

Cross Reference Table

Symbol                                            File
Audio_Device_ConfigureEndpoints                   ../LUFA-130901/LUFA/Drivers/USB/Class/Device/AudioClassDevice.o
Audio_Device_Event_Stub                           ../LUFA-130901/LUFA/Drivers/USB/Class/Device/AudioClassDevice.o
Audio_Device_ProcessControlRequest                ../LUFA-130901/LUFA/Drivers/USB/Class/Device/AudioClassDevice.o
CALLBACK_Audio_Device_GetSetEndpointProperty      ../LUFA-130901/LUFA/Drivers/USB/Class/Device/AudioClassDevice.o
CALLBACK_Audio_Device_GetSetInterfaceProperty     ../LUFA-130901/LUFA/Drivers/USB/Class/Device/AudioClassDevice.o
CALLBACK_HIDParser_FilterHIDReportItem            ../LUFA-130901/LUFA/Drivers/USB/Class/Common/HIDParser.o
CALLBACK_HID_Device_CreateHIDReport               ../LUFA-130901/LUFA/Drivers/USB/Class/Device/HIDClassDevice.o
CALLBACK_HID_Device_ProcessHIDReport              ../LUFA-130901/LUFA/Drivers/USB/Class/Device/HIDClassDevice.o
CALLBACK_MS_Device_SCSICommandReceived            ../LUFA-130901/LUFA/Drivers/USB/Class/Device/MassStorageClassDevice.o
CALLBACK_USB_GetDescriptor                        Descriptors.o
                                                  ../LUFA-130901/LUFA/Drivers/USB/Core/DeviceStandardReq.o
CDC_Device_BytesReceived                          ../LUFA-130901/LUFA/Drivers/USB/Class/Device/CDCClassDevice.o
                                                  CommsAdapter.o
CDC_Device_ConfigureEndpoints                     ../LUFA-130901/LUFA/Drivers/USB/Class/Device/CDCClassDevice.o
                                                  CommsAdapter.o
CDC_Device_CreateBlockingStream                   ../LUFA-130901/LUFA/Drivers/USB/Class/Device/CDCClassDevice.o
CDC_Device_CreateStream                           ../LUFA-130901/LUFA/Drivers/USB/Class/Device/CDCClassDevice.o
                                                  CommsAdapter.o
CDC_Device_Event_Stub                             ../LUFA-130901/LUFA/Drivers/USB/Class/Device/CDCClassDevice.o
CDC_Device_Flush                                  ../LUFA-130901/LUFA/Drivers/USB/Class/Device/CDCClassDevice.o
CDC_Device_ProcessControlRequest                  ../LUFA-130901/LUFA/Drivers/USB/Class/Device/CDCClassDevice.o
                                                  CommsAdapter.o
CDC_Device_ReceiveByte                            ../LUFA-130901/LUFA/Drivers/USB/Class/Device/CDCClassDevice.o
                                                  CommsAdapter.o
CDC_Device_SendByte                               ../LUFA-130901/LUFA/Drivers/USB/Class/Device/CDCClassDevice.o
                                                  CommsAdapter.o
CDC_Device_SendControlLineStateChange             ../LUFA-130901/LUFA/Drivers/USB/Class/Device/CDCClassDevice.o
CDC_Device_SendData                               ../LUFA-130901/LUFA/Drivers/USB/Class/Device/CDCClassDevice.o
CDC_Device_SendString                             ../LUFA-130901/LUFA/Drivers/USB/Class/Device/CDCClassDevice.o
CDC_Device_USBTask                                ../LUFA-130901/LUFA/Drivers/USB/Class/Device/CDCClassDevice.o
                                                  CommsAdapter.o
ConfigurationDescriptor                           Descriptors.o
DeviceDescriptor                                  Descriptors.o
EVENT_Audio_Device_StreamStartStop                ../LUFA-130901/LUFA/Drivers/USB/Class/Device/AudioClassDevice.o
EVENT_CDC_Device_BreakSent                        ../LUFA-130901/LUFA/Drivers/USB/Class/Device/CDCClassDevice.o
EVENT_CDC_Device_ControLineStateChanged           ../LUFA-130901/LUFA/Drivers/USB/Class/Device/CDCClassDevice.o
EVENT_CDC_Device_LineEncodingChanged              ../LUFA-130901/LUFA/Drivers/USB/Class/Device/CDCClassDevice.o
EVENT_PRNT_Device_SoftReset                       ../LUFA-130901/LUFA/Drivers/USB/Class/Device/PrinterClassDevice.o
EVENT_USB_Device_ConfigurationChanged             CommsAdapter.o
                                                  ../LUFA-130901/LUFA/Drivers/USB/Core/DeviceStandardReq.o
EVENT_USB_Device_Connect                          CommsAdapter.o
                                                  ../LUFA-130901/LUFA/Drivers/USB/Core/AVR8/USBInterrupt_AVR8.o
EVENT_USB_Device_ControlRequest                   CommsAdapter.o
                                                  ../LUFA-130901/LUFA/Drivers/USB/Core/DeviceStandardReq.o
EVENT_USB_Device_Disconnect                       CommsAdapter.o
                                                  ../LUFA-130901/LUFA/Drivers/USB/Core/AVR8/USBInterrupt_AVR8.o
EVENT_USB_Device_Reset                            ../LUFA-130901/LUFA/Drivers/USB/Core/Events.o
                                                  ../LUFA-130901/LUFA/Drivers/USB/Core/AVR8/USBInterrupt_AVR8.o
EVENT_USB_Device_StartOfFrame                     ../LUFA-130901/LUFA/Drivers/USB/Core/Events.o
                                                  ../LUFA-130901/LUFA/Drivers/USB/Core/AVR8/USBInterrupt_AVR8.o
EVENT_USB_Device_Suspend                          ../LUFA-130901/LUFA/Drivers/USB/Core/Events.o
EVENT_USB_Device_WakeUp                           ../LUFA-130901/LUFA/Drivers/USB/Core/Events.o
Endpoint_ClearEndpoints                           ../LUFA-130901/LUFA/Drivers/USB/Core/AVR8/Endpoint_AVR8.o
Endpoint_ClearStatusStage                         ../LUFA-130901/LUFA/Drivers/USB/Core/AVR8/Endpoint_AVR8.o
                                                  ../LUFA-130901/LUFA/Drivers/USB/Class/Device/PrinterClassDevice.o
                                                  ../LUFA-130901/LUFA/Drivers/USB/Class/Device/MassStorageClassDevice.o
                                                  ../LUFA-130901/LUFA/Drivers/USB/Class/Device/HIDClassDevice.o
                                                  ../LUFA-130901/LUFA/Drivers/USB/Class/Device/CDCClassDevice.o
                                                  ../LUFA-130901/LUFA/Drivers/USB/Class/Device/AudioClassDevice.o
                                                  ../LUFA-130901/LUFA/Drivers/USB/Core/DeviceStandardReq.o
Endpoint_ConfigureEndpointTable                   ../LUFA-130901/LUFA/Drivers/USB/Core/AVR8/Endpoint_AVR8.o
                                                  ../LUFA-130901/LUFA/Drivers/USB/Class/Device/RNDISClassDevice.o
                                                  ../LUFA-130901/LUFA/Drivers/USB/Class/Device/PrinterClassDevice.o
                                                  ../LUFA-130901/LUFA/Drivers/USB/Class/Device/MIDIClassDevice.o
                                                  ../LUFA-130901/LUFA/Drivers/USB/Class/Device/MassStorageClassDevice.o
                                                  ../LUFA-130901/LUFA/Drivers/USB/Class/Device/HIDClassDevice.o
                                                  ../LUFA-130901/LUFA/Drivers/USB/Class/Device/CDCClassDevice.o
                                                  ../LUFA-130901/LUFA/Drivers/USB/Class/Device/AudioClassDevice.o
Endpoint_ConfigureEndpoint_Prv                    ../LUFA-130901/LUFA/Drivers/USB/Core/AVR8/Endpoint_AVR8.o
                                                  ../LUFA-130901/LUFA/Drivers/USB/Core/AVR8/USBInterrupt_AVR8.o
                                                  ../LUFA-130901/LUFA/Drivers/USB/Core/AVR8/USBController_AVR8.o
Endpoint_Discard_Stream                           ../LUFA-130901/LUFA/Drivers/USB/Core/AVR8/EndpointStream_AVR8.o
Endpoint_Null_Stream                              ../LUFA-130901/LUFA/Drivers/USB/Core/AVR8/EndpointStream_AVR8.o
Endpoint_Read_Control_EStream_BE                  ../LUFA-130901/LUFA/Drivers/USB/Core/AVR8/EndpointStream_AVR8.o
Endpoint_Read_Control_EStream_LE                  ../LUFA-130901/LUFA/Drivers/USB/Core/AVR8/EndpointStream_AVR8.o
Endpoint_Read_Control_Stream_BE                   ../LUFA-130901/LUFA/Drivers/USB/Core/AVR8/EndpointStream_AVR8.o
Endpoint_Read_Control_Stream_LE                   ../LUFA-130901/LUFA/Drivers/USB/Core/AVR8/EndpointStream_AVR8.o
                                                  ../LUFA-130901/LUFA/Drivers/USB/Class/Device/RNDISClassDevice.o
                                                  ../LUFA-130901/LUFA/Drivers/USB/Class/Device/HIDClassDevice.o
                                                  ../LUFA-130901/LUFA/Drivers/USB/Class/Device/AudioClassDevice.o
Endpoint_Read_EStream_BE                          ../LUFA-130901/LUFA/Drivers/USB/Core/AVR8/EndpointStream_AVR8.o
Endpoint_Read_EStream_LE                          ../LUFA-130901/LUFA/Drivers/USB/Core/AVR8/EndpointStream_AVR8.o
Endpoint_Read_Stream_BE                           ../LUFA-130901/LUFA/Drivers/USB/Core/AVR8/EndpointStream_AVR8.o
Endpoint_Read_Stream_LE                           ../LUFA-130901/LUFA/Drivers/USB/Core/AVR8/EndpointStream_AVR8.o
                                                  ../LUFA-130901/LUFA/Drivers/USB/Class/Device/RNDISClassDevice.o
                                                  ../LUFA-130901/LUFA/Drivers/USB/Class/Device/MIDIClassDevice.o
                                                  ../LUFA-130901/LUFA/Drivers/USB/Class/Device/MassStorageClassDevice.o
Endpoint_WaitUntilReady                           ../LUFA-130901/LUFA/Drivers/USB/Core/AVR8/Endpoint_AVR8.o
                                                  ../LUFA-130901/LUFA/Drivers/USB/Class/Device/RNDISClassDevice.o
                                                  ../LUFA-130901/LUFA/Drivers/USB/Class/Device/PrinterClassDevice.o
                                                  ../LUFA-130901/LUFA/Drivers/USB/Class/Device/MIDIClassDevice.o
                                                  ../LUFA-130901/LUFA/Drivers/USB/Class/Device/CDCClassDevice.o
                                                  ../LUFA-130901/LUFA/Drivers/USB/Core/AVR8/EndpointStream_AVR8.o
Endpoint_Write_Control_EStream_BE                 ../LUFA-130901/LUFA/Drivers/USB/Core/AVR8/EndpointStream_AVR8.o
Endpoint_Write_Control_EStream_LE                 ../LUFA-130901/LUFA/Drivers/USB/Core/AVR8/EndpointStream_AVR8.o
Endpoint_Write_Control_PStream_BE                 ../LUFA-130901/LUFA/Drivers/USB/Core/AVR8/EndpointStream_AVR8.o
Endpoint_Write_Control_PStream_LE                 ../LUFA-130901/LUFA/Drivers/USB/Core/AVR8/EndpointStream_AVR8.o
                                                  ../LUFA-130901/LUFA/Drivers/USB/Core/DeviceStandardReq.o
Endpoint_Write_Control_Stream_BE                  ../LUFA-130901/LUFA/Drivers/USB/Core/AVR8/EndpointStream_AVR8.o
Endpoint_Write_Control_Stream_LE                  ../LUFA-130901/LUFA/Drivers/USB/Core/AVR8/EndpointStream_AVR8.o
                                                  ../LUFA-130901/LUFA/Drivers/USB/Class/Device/RNDISClassDevice.o
                                                  ../LUFA-130901/LUFA/Drivers/USB/Class/Device/PrinterClassDevice.o
                                                  ../LUFA-130901/LUFA/Drivers/USB/Class/Device/HIDClassDevice.o
                                                  ../LUFA-130901/LUFA/Drivers/USB/Class/Device/AudioClassDevice.o
                                                  ../LUFA-130901/LUFA/Drivers/USB/Core/DeviceStandardReq.o
Endpoint_Write_EStream_BE                         ../LUFA-130901/LUFA/Drivers/USB/Core/AVR8/EndpointStream_AVR8.o
Endpoint_Write_EStream_LE                         ../LUFA-130901/LUFA/Drivers/USB/Core/AVR8/EndpointStream_AVR8.o
Endpoint_Write_PStream_BE                         ../LUFA-130901/LUFA/Drivers/USB/Core/AVR8/EndpointStream_AVR8.o
Endpoint_Write_PStream_LE                         ../LUFA-130901/LUFA/Drivers/USB/Core/AVR8/EndpointStream_AVR8.o
Endpoint_Write_Stream_BE                          ../LUFA-130901/LUFA/Drivers/USB/Core/AVR8/EndpointStream_AVR8.o
Endpoint_Write_Stream_LE                          ../LUFA-130901/LUFA/Drivers/USB/Core/AVR8/EndpointStream_AVR8.o
                                                  ../LUFA-130901/LUFA/Drivers/USB/Class/Device/RNDISClassDevice.o
                                                  ../LUFA-130901/LUFA/Drivers/USB/Class/Device/PrinterClassDevice.o
                                                  ../LUFA-130901/LUFA/Drivers/USB/Class/Device/MIDIClassDevice.o
                                                  ../LUFA-130901/LUFA/Drivers/USB/Class/Device/MassStorageClassDevice.o
                                                  ../LUFA-130901/LUFA/Drivers/USB/Class/Device/HIDClassDevice.o
                                                  ../LUFA-130901/LUFA/Drivers/USB/Class/Device/CDCClassDevice.o
HID_Device_ConfigureEndpoints                     ../LUFA-130901/LUFA/Drivers/USB/Class/Device/HIDClassDevice.o
HID_Device_ProcessControlRequest                  ../LUFA-130901/LUFA/Drivers/USB/Class/Device/HIDClassDevice.o
HID_Device_USBTask                                ../LUFA-130901/LUFA/Drivers/USB/Class/Device/HIDClassDevice.o
LanguageString                                    Descriptors.o
MIDI_Device_ConfigureEndpoints                    ../LUFA-130901/LUFA/Drivers/USB/Class/Device/MIDIClassDevice.o
MIDI_Device_Flush                                 ../LUFA-130901/LUFA/Drivers/USB/Class/Device/MIDIClassDevice.o
MIDI_Device_ReceiveEventPacket                    ../LUFA-130901/LUFA/Drivers/USB/Class/Device/MIDIClassDevice.o
MIDI_Device_SendEventPacket                       ../LUFA-130901/LUFA/Drivers/USB/Class/Device/MIDIClassDevice.o
MIDI_Device_USBTask                               ../LUFA-130901/LUFA/Drivers/USB/Class/Device/MIDIClassDevice.o
MS_Device_ConfigureEndpoints                      ../LUFA-130901/LUFA/Drivers/USB/Class/Device/MassStorageClassDevice.o
MS_Device_ProcessControlRequest                   ../LUFA-130901/LUFA/Drivers/USB/Class/Device/MassStorageClassDevice.o
MS_Device_USBTask                                 ../LUFA-130901/LUFA/Drivers/USB/Class/Device/MassStorageClassDevice.o
ManufacturerString                                Descriptors.o
PRNT_Device_BytesReceived                         ../LUFA-130901/LUFA/Drivers/USB/Class/Device/PrinterClassDevice.o
PRNT_Device_ConfigureEndpoints                    ../LUFA-130901/LUFA/Drivers/USB/Class/Device/PrinterClassDevice.o
PRNT_Device_CreateBlockingStream                  ../LUFA-130901/LUFA/Drivers/USB/Class/Device/PrinterClassDevice.o
PRNT_Device_CreateStream                          ../LUFA-130901/LUFA/Drivers/USB/Class/Device/PrinterClassDevice.o
PRNT_Device_Event_Stub                            ../LUFA-130901/LUFA/Drivers/USB/Class/Device/PrinterClassDevice.o
PRNT_Device_Flush                                 ../LUFA-130901/LUFA/Drivers/USB/Class/Device/PrinterClassDevice.o
PRNT_Device_ProcessControlRequest                 ../LUFA-130901/LUFA/Drivers/USB/Class/Device/PrinterClassDevice.o
PRNT_Device_ReceiveByte                           ../LUFA-130901/LUFA/Drivers/USB/Class/Device/PrinterClassDevice.o
PRNT_Device_SendByte                              ../LUFA-130901/LUFA/Drivers/USB/Class/Device/PrinterClassDevice.o
PRNT_Device_SendData                              ../LUFA-130901/LUFA/Drivers/USB/Class/Device/PrinterClassDevice.o
PRNT_Device_SendString                            ../LUFA-130901/LUFA/Drivers/USB/Class/Device/PrinterClassDevice.o
PRNT_Device_USBTask                               ../LUFA-130901/LUFA/Drivers/USB/Class/Device/PrinterClassDevice.o
ProductString                                     Descriptors.o
RNDIS_Device_ConfigureEndpoints                   ../LUFA-130901/LUFA/Drivers/USB/Class/Device/RNDISClassDevice.o
RNDIS_Device_IsPacketReceived                     ../LUFA-130901/LUFA/Drivers/USB/Class/Device/RNDISClassDevice.o
RNDIS_Device_ProcessControlRequest                ../LUFA-130901/LUFA/Drivers/USB/Class/Device/RNDISClassDevice.o
RNDIS_Device_ReadPacket                           ../LUFA-130901/LUFA/Drivers/USB/Class/Device/RNDISClassDevice.o
RNDIS_Device_SendPacket                           ../LUFA-130901/LUFA/Drivers/USB/Class/Device/RNDISClassDevice.o
RNDIS_Device_USBTask                              ../LUFA-130901/LUFA/Drivers/USB/Class/Device/RNDISClassDevice.o
SetupHardware                                     CommsAdapter.o
USB_ControlRequest                                ../LUFA-130901/LUFA/Drivers/USB/Class/Device/RNDISClassDevice.o
                                                  ../LUFA-130901/LUFA/Drivers/USB/Class/Device/PrinterClassDevice.o
                                                  ../LUFA-130901/LUFA/Drivers/USB/Class/Device/MassStorageClassDevice.o
                                                  ../LUFA-130901/LUFA/Drivers/USB/Class/Device/HIDClassDevice.o
                                                  ../LUFA-130901/LUFA/Drivers/USB/Class/Device/CDCClassDevice.o
                                                  ../LUFA-130901/LUFA/Drivers/USB/Class/Device/AudioClassDevice.o
                                                  ../LUFA-130901/LUFA/Drivers/USB/Core/USBTask.o
                                                  ../LUFA-130901/LUFA/Drivers/USB/Core/DeviceStandardReq.o
                                                  ../LUFA-130901/LUFA/Drivers/USB/Core/AVR8/Endpoint_AVR8.o
                                                  ../LUFA-130901/LUFA/Drivers/USB/Core/AVR8/EndpointStream_AVR8.o
USB_DeviceState                                   ../LUFA-130901/LUFA/Drivers/USB/Class/Device/RNDISClassDevice.o
                                                  ../LUFA-130901/LUFA/Drivers/USB/Class/Device/PrinterClassDevice.o
                                                  ../LUFA-130901/LUFA/Drivers/USB/Class/Device/MIDIClassDevice.o
                                                  ../LUFA-130901/LUFA/Drivers/USB/Class/Device/MassStorageClassDevice.o
                                                  ../LUFA-130901/LUFA/Drivers/USB/Class/Device/HIDClassDevice.o
                                                  ../LUFA-130901/LUFA/Drivers/USB/Class/Device/CDCClassDevice.o
                                                  ../LUFA-130901/LUFA/Drivers/USB/Core/USBTask.o
                                                  ../LUFA-130901/LUFA/Drivers/USB/Core/DeviceStandardReq.o
                                                  ../LUFA-130901/LUFA/Drivers/USB/Core/AVR8/USBInterrupt_AVR8.o
                                                  ../LUFA-130901/LUFA/Drivers/USB/Core/AVR8/USBController_AVR8.o
                                                  ../LUFA-130901/LUFA/Drivers/USB/Core/AVR8/Endpoint_AVR8.o
                                                  ../LUFA-130901/LUFA/Drivers/USB/Core/AVR8/EndpointStream_AVR8.o
USB_Device_ConfigurationNumber                    ../LUFA-130901/LUFA/Drivers/USB/Core/DeviceStandardReq.o
                                                  ../LUFA-130901/LUFA/Drivers/USB/Core/AVR8/USBInterrupt_AVR8.o
                                                  ../LUFA-130901/LUFA/Drivers/USB/Core/AVR8/USBController_AVR8.o
USB_Device_CurrentlySelfPowered                   ../LUFA-130901/LUFA/Drivers/USB/Core/DeviceStandardReq.o
                                                  ../LUFA-130901/LUFA/Drivers/USB/Core/AVR8/USBController_AVR8.o
USB_Device_ProcessControlRequest                  ../LUFA-130901/LUFA/Drivers/USB/Core/DeviceStandardReq.o
                                                  ../LUFA-130901/LUFA/Drivers/USB/Core/USBTask.o
                                                  ../LUFA-130901/LUFA/Drivers/USB/Core/AVR8/USBInterrupt_AVR8.o
USB_Device_RemoteWakeupEnabled                    ../LUFA-130901/LUFA/Drivers/USB/Core/DeviceStandardReq.o
                                                  ../LUFA-130901/LUFA/Drivers/USB/Core/AVR8/USBController_AVR8.o
USB_Device_SendRemoteWakeup                       ../LUFA-130901/LUFA/Drivers/USB/Core/AVR8/Device_AVR8.o
USB_Disable                                       ../LUFA-130901/LUFA/Drivers/USB/Core/AVR8/USBController_AVR8.o
USB_Event_Stub                                    ../LUFA-130901/LUFA/Drivers/USB/Core/Events.o
USB_GetHIDReportItemInfo                          ../LUFA-130901/LUFA/Drivers/USB/Class/Common/HIDParser.o
USB_GetHIDReportSize                              ../LUFA-130901/LUFA/Drivers/USB/Class/Common/HIDParser.o
USB_GetNextDescriptorComp                         ../LUFA-130901/LUFA/Drivers/USB/Core/ConfigDescriptors.o
USB_GetNextDescriptorOfType                       ../LUFA-130901/LUFA/Drivers/USB/Core/ConfigDescriptors.o
USB_GetNextDescriptorOfTypeAfter                  ../LUFA-130901/LUFA/Drivers/USB/Core/ConfigDescriptors.o
USB_GetNextDescriptorOfTypeBefore                 ../LUFA-130901/LUFA/Drivers/USB/Core/ConfigDescriptors.o
USB_INT_ClearAllInterrupts                        ../LUFA-130901/LUFA/Drivers/USB/Core/AVR8/USBInterrupt_AVR8.o
                                                  ../LUFA-130901/LUFA/Drivers/USB/Core/AVR8/USBController_AVR8.o
USB_INT_DisableAllInterrupts                      ../LUFA-130901/LUFA/Drivers/USB/Core/AVR8/USBInterrupt_AVR8.o
                                                  ../LUFA-130901/LUFA/Drivers/USB/Core/AVR8/USBController_AVR8.o
USB_Init                                          ../LUFA-130901/LUFA/Drivers/USB/Core/AVR8/USBController_AVR8.o
                                                  CommsAdapter.o
USB_IsInitialized                                 ../LUFA-130901/LUFA/Drivers/USB/Core/USBTask.o
                                                  ../LUFA-130901/LUFA/Drivers/USB/Core/AVR8/USBController_AVR8.o
USB_ProcessHIDReport                              ../LUFA-130901/LUFA/Drivers/USB/Class/Common/HIDParser.o
USB_ResetInterface                                ../LUFA-130901/LUFA/Drivers/USB/Core/AVR8/USBController_AVR8.o
USB_SetHIDReportItemInfo                          ../LUFA-130901/LUFA/Drivers/USB/Class/Common/HIDParser.o
USB_USBTask                                       ../LUFA-130901/LUFA/Drivers/USB/Core/USBTask.o
                                                  ../LUFA-130901/LUFA/Drivers/USB/Class/Device/PrinterClassDevice.o
                                                  ../LUFA-130901/LUFA/Drivers/USB/Class/Device/CDCClassDevice.o
                                                  CommsAdapter.o
VirtualSerial_CDC_Interface                       CommsAdapter.o
__bad_interrupt                                   /usr/lib/gcc/avr/4.5.3/../../../avr/lib/avr35/crtusb162.o
__bss_end                                         /usr/lib/gcc/avr/4.5.3/avr35/libgcc.a(_clear_bss.o)
__bss_start                                       /usr/lib/gcc/avr/4.5.3/avr35/libgcc.a(_clear_bss.o)
__data_end                                        /usr/lib/gcc/avr/4.5.3/avr35/libgcc.a(_copy_data.o)
__data_load_start                                 /usr/lib/gcc/avr/4.5.3/avr35/libgcc.a(_copy_data.o)
__data_start                                      /usr/lib/gcc/avr/4.5.3/avr35/libgcc.a(_copy_data.o)
__do_clear_bss                                    /usr/lib/gcc/avr/4.5.3/avr35/libgcc.a(_clear_bss.o)
                                                  ../LUFA-130901/LUFA/Drivers/USB/Core/USBTask.o
                                                  ../LUFA-130901/LUFA/Drivers/USB/Core/DeviceStandardReq.o
                                                  CommsAdapter.o
__do_copy_data                                    /usr/lib/gcc/avr/4.5.3/avr35/libgcc.a(_copy_data.o)
                                                  ../LUFA-130901/LUFA/Drivers/USB/Class/Device/RNDISClassDevice.o
                                                  ../LUFA-130901/LUFA/Drivers/USB/Class/Device/CDCClassDevice.o
                                                  CommsAdapter.o
__eerd_byte_usb162                                /usr/lib/gcc/avr/4.5.3/../../../avr/lib/avr35/libc.a(eerd_byte_at90usb162.o)
                                                  ../LUFA-130901/LUFA/Drivers/USB/Core/AVR8/EndpointStream_AVR8.o
__eeupd_byte_usb162                               /usr/lib/gcc/avr/4.5.3/../../../avr/lib/avr35/libc.a(eeupd_byte_at90usb162.o)
                                                  ../LUFA-130901/LUFA/Drivers/USB/Core/AVR8/EndpointStream_AVR8.o
__eeupd_r18_usb162                                /usr/lib/gcc/avr/4.5.3/../../../avr/lib/avr35/libc.a(eeupd_byte_at90usb162.o)
__heap_end                                        /usr/lib/gcc/avr/4.5.3/../../../avr/lib/avr35/crtusb162.o
__init                                            /usr/lib/gcc/avr/4.5.3/../../../avr/lib/avr35/crtusb162.o
__mulhi3                                          /usr/lib/gcc/avr/4.5.3/avr35/libgcc.a(_mulhi3.o)
                                                  ../LUFA-130901/LUFA/Drivers/USB/Class/Common/HIDParser.o
__stack                                           /usr/lib/gcc/avr/4.5.3/../../../avr/lib/avr35/crtusb162.o
__vector_1                                        /usr/lib/gcc/avr/4.5.3/../../../avr/lib/avr35/crtusb162.o
__vector_10                                       /usr/lib/gcc/avr/4.5.3/../../../avr/lib/avr35/crtusb162.o
__vector_11                                       ../LUFA-130901/LUFA/Drivers/USB/Core/AVR8/USBInterrupt_AVR8.o
                                                  /usr/lib/gcc/avr/4.5.3/../../../avr/lib/avr35/crtusb162.o
__vector_12                                       ../LUFA-130901/LUFA/Drivers/USB/Core/AVR8/USBInterrupt_AVR8.o
                                                  /usr/lib/gcc/avr/4.5.3/../../../avr/lib/avr35/crtusb162.o
__vector_13                                       /usr/lib/gcc/avr/4.5.3/../../../avr/lib/avr35/crtusb162.o
__vector_14                                       /usr/lib/gcc/avr/4.5.3/../../../avr/lib/avr35/crtusb162.o
__vector_15                                       /usr/lib/gcc/avr/4.5.3/../../../avr/lib/avr35/crtusb162.o
__vector_16                                       /usr/lib/gcc/avr/4.5.3/../../../avr/lib/avr35/crtusb162.o
__vector_17                                       /usr/lib/gcc/avr/4.5.3/../../../avr/lib/avr35/crtusb162.o
__vector_18                                       /usr/lib/gcc/avr/4.5.3/../../../avr/lib/avr35/crtusb162.o
__vector_19                                       /usr/lib/gcc/avr/4.5.3/../../../avr/lib/avr35/crtusb162.o
__vector_2                                        /usr/lib/gcc/avr/4.5.3/../../../avr/lib/avr35/crtusb162.o
__vector_20                                       /usr/lib/gcc/avr/4.5.3/../../../avr/lib/avr35/crtusb162.o
__vector_21                                       /usr/lib/gcc/avr/4.5.3/../../../avr/lib/avr35/crtusb162.o
__vector_22                                       /usr/lib/gcc/avr/4.5.3/../../../avr/lib/avr35/crtusb162.o
__vector_23                                       /usr/lib/gcc/avr/4.5.3/../../../avr/lib/avr35/crtusb162.o
__vector_24                                       /usr/lib/gcc/avr/4.5.3/../../../avr/lib/avr35/crtusb162.o
__vector_25                                       /usr/lib/gcc/avr/4.5.3/../../../avr/lib/avr35/crtusb162.o
__vector_26                                       /usr/lib/gcc/avr/4.5.3/../../../avr/lib/avr35/crtusb162.o
__vector_27                                       /usr/lib/gcc/avr/4.5.3/../../../avr/lib/avr35/crtusb162.o
__vector_28                                       /usr/lib/gcc/avr/4.5.3/../../../avr/lib/avr35/crtusb162.o
__vector_3                                        /usr/lib/gcc/avr/4.5.3/../../../avr/lib/avr35/crtusb162.o
__vector_4                                        /usr/lib/gcc/avr/4.5.3/../../../avr/lib/avr35/crtusb162.o
__vector_5                                        /usr/lib/gcc/avr/4.5.3/../../../avr/lib/avr35/crtusb162.o
__vector_6                                        /usr/lib/gcc/avr/4.5.3/../../../avr/lib/avr35/crtusb162.o
__vector_7                                        /usr/lib/gcc/avr/4.5.3/../../../avr/lib/avr35/crtusb162.o
__vector_8                                        /usr/lib/gcc/avr/4.5.3/../../../avr/lib/avr35/crtusb162.o
__vector_9                                        /usr/lib/gcc/avr/4.5.3/../../../avr/lib/avr35/crtusb162.o
__vector_default                                  /usr/lib/gcc/avr/4.5.3/../../../avr/lib/avr35/crtusb162.o
__vectors                                         /usr/lib/gcc/avr/4.5.3/../../../avr/lib/avr35/crtusb162.o
_exit                                             /usr/lib/gcc/avr/4.5.3/avr35/libgcc.a(_exit.o)
boardStatus                                       CommsAdapter.o
charMap                                           CommsAdapter.o
exit                                              /usr/lib/gcc/avr/4.5.3/avr35/libgcc.a(_exit.o)
                                                  /usr/lib/gcc/avr/4.5.3/../../../avr/lib/avr35/crtusb162.o
main                                              CommsAdapter.o
                                                  /usr/lib/gcc/avr/4.5.3/../../../avr/lib/avr35/crtusb162.o
memcmp                                            /usr/lib/gcc/avr/4.5.3/../../../avr/lib/avr35/libc.a(memcmp.o)
                                                  ../LUFA-130901/LUFA/Drivers/USB/Class/Device/HIDClassDevice.o
memcpy                                            /usr/lib/gcc/avr/4.5.3/../../../avr/lib/avr35/libc.a(memcpy.o)
                                                  ../LUFA-130901/LUFA/Drivers/USB/Class/Device/RNDISClassDevice.o
                                                  ../LUFA-130901/LUFA/Drivers/USB/Class/Device/HIDClassDevice.o
memcpy_P                                          /usr/lib/gcc/avr/4.5.3/../../../avr/lib/avr35/libc.a(memcpy_P.o)
                                                  ../LUFA-130901/LUFA/Drivers/USB/Class/Device/RNDISClassDevice.o
memset                                            /usr/lib/gcc/avr/4.5.3/../../../avr/lib/avr35/libc.a(memset.o)
                                                  ../LUFA-130901/LUFA/Drivers/USB/Class/Device/HIDClassDevice.o
